// Jest Snapshot v1, https://goo.gl/fbAQLP

exports[`ButtonBack should render ButtonBack component 1`] = `
<button
  className="sw-ButtonBack "
  onClick={[MockFunction]}
  type="button"
>
  Back
</button>
`;
