// Jest Snapshot v1, https://goo.gl/fbAQLP

exports[`CrowdsaleRate should render CrowdsaleRate component 1`] = `
<div
  className="sw-InputField2 "
>
  <div
    className="sw-FormControlTitle"
  >
    <label
      className="sw-FormControlTitle_Label"
    >
      Rate
    </label>
    <div
      className="sw-FormControlTitle_Info"
      tabIndex="-1"
    >
      <span
        className="sw-FormControlTitle_Tooltip"
      >
        Exchange rate Ethereum to Tokens. If it's 100, then for 1 Ether you can buy 100 tokens
      </span>
    </div>
  </div>
  <input
    className="sw-TextField"
    disabled={false}
    id="CrowdsaleRate"
    name="CrowdsaleRate"
    placeholder="Enter here"
    type="text"
    value="1234"
  />
</div>
`;
