// Jest Snapshot v1, https://goo.gl/fbAQLP

exports[`TokenDecimals should render TokenDecimals component 1`] = `
<div
  className="sw-InputField "
>
  <div
    className="sw-FormControlTitle"
  >
    <label
      className="sw-FormControlTitle_Label"
    >
      Decimals
    </label>
    <div
      className="sw-FormControlTitle_Info"
      tabIndex="-1"
    >
      <span
        className="sw-FormControlTitle_Tooltip"
      >
        Refers to how divisible a token can be, from 0 (not at all divisible) to 18 (pretty much continuous).
      </span>
    </div>
  </div>
  <input
    className="sw-TextField"
    id="decimals"
    max="18"
    min="0"
    name="decimals"
    onBlur={[Function]}
    onChange={[Function]}
    onFocus={[Function]}
    type="number"
    value=""
  />
</div>
`;

exports[`TokenDecimals should render TokenDecimals component and its children 1`] = `
<div
  className="sw-InputField "
>
  <div
    className="sw-FormControlTitle"
  >
    <label
      className="sw-FormControlTitle_Label"
    >
      Decimals
    </label>
    <div
      className="sw-FormControlTitle_Info"
      tabIndex="-1"
    >
      <span
        className="sw-FormControlTitle_Tooltip"
      >
        Refers to how divisible a token can be, from 0 (not at all divisible) to 18 (pretty much continuous).
      </span>
    </div>
  </div>
  <input
    className="sw-TextField"
    id="decimals"
    max="18"
    min="0"
    name="decimals"
    onBlur={[Function]}
    onChange={[Function]}
    onFocus={[Function]}
    type="number"
    value=""
  />
</div>
`;

exports[`TokenDecimals should render TokenDecimals component and its children, with input field disabled 1`] = `
<ReactFinalForm
  component={[Function]}
  disabled={true}
  errorStyle={
    Object {
      "color": "red",
      "fontWeight": "bold",
    }
  }
  onSubmit={[MockFunction]}
>
  <TokenDecimals
    __versions={
      Object {
        "final-form": "4.6.1",
        "react-final-form": "3.4.0",
      }
    }
    batch={[Function]}
    blur={[Function]}
    change={[Function]}
    dirty={false}
    dirtySinceLastSubmit={false}
    disabled={true}
    errorStyle={
      Object {
        "color": "red",
        "fontWeight": "bold",
      }
    }
    errors={
      Object {
        "decimals": "This field is required",
      }
    }
    focus={[Function]}
    form={
      Object {
        "batch": [Function],
        "blur": [Function],
        "change": [Function],
        "focus": [Function],
        "getFieldState": [Function],
        "getRegisteredFields": [Function],
        "getState": [Function],
        "initialize": [Function],
        "isValidationPaused": [Function],
        "mutators": Object {},
        "pauseValidation": [Function],
        "registerField": [Function],
        "reset": [Function],
        "resumeValidation": [Function],
        "setConfig": [Function],
        "submit": [Function],
        "subscribe": [Function],
      }
    }
    handleSubmit={[Function]}
    hasSubmitErrors={false}
    hasValidationErrors={true}
    initialize={[Function]}
    invalid={true}
    mutators={Object {}}
    pristine={true}
    reset={[Function]}
    submitFailed={false}
    submitSucceeded={false}
    submitting={false}
    touched={
      Object {
        "decimals": false,
      }
    }
    valid={false}
    validating={false}
    values={Object {}}
    visited={
      Object {
        "decimals": false,
      }
    }
  >
    <Field
      component={[Function]}
      description="Refers to how divisible a token can be, from 0 (not at all divisible) to 18 (pretty much continuous)."
      disabled={true}
      errorStyle={
        Object {
          "color": "red",
          "fontWeight": "bold",
        }
      }
      format={[Function]}
      label="Decimals"
      max="18"
      min="0"
      name="decimals"
      parse={[Function]}
      type="number"
      validate={[Function]}
    >
      <InputField2
        description="Refers to how divisible a token can be, from 0 (not at all divisible) to 18 (pretty much continuous)."
        disabled={true}
        errorStyle={
          Object {
            "color": "red",
            "fontWeight": "bold",
          }
        }
        input={
          Object {
            "name": "decimals",
            "onBlur": [Function],
            "onChange": [Function],
            "onFocus": [Function],
            "value": "",
          }
        }
        label="Decimals"
        max="18"
        meta={
          Object {
            "active": false,
            "data": Object {},
            "dirty": false,
            "dirtySinceLastSubmit": false,
            "error": "This field is required",
            "initial": undefined,
            "invalid": true,
            "pristine": true,
            "submitError": undefined,
            "submitFailed": false,
            "submitSucceeded": false,
            "touched": false,
            "valid": false,
            "visited": false,
          }
        }
        min="0"
        type="number"
      >
        <div
          className="sw-InputField "
        >
          <FormControlTitle
            description="Refers to how divisible a token can be, from 0 (not at all divisible) to 18 (pretty much continuous)."
            title="Decimals"
          >
            <div
              className="sw-FormControlTitle"
            >
              <label
                className="sw-FormControlTitle_Label"
              >
                Decimals
              </label>
              <div
                className="sw-FormControlTitle_Info"
                tabIndex="-1"
              >
                <span
                  className="sw-FormControlTitle_Tooltip"
                >
                  Refers to how divisible a token can be, from 0 (not at all divisible) to 18 (pretty much continuous).
                </span>
              </div>
            </div>
          </FormControlTitle>
          <TextField
            autoComplete="off"
            className="input"
            disabled={true}
            id="decimals"
            max="18"
            min="0"
            name="decimals"
            onBlur={[Function]}
            onChange={[Function]}
            onFocus={[Function]}
            type="number"
            value=""
          >
            <input
              className="sw-TextField"
              disabled={true}
              id="decimals"
              max="18"
              min="0"
              name="decimals"
              onBlur={[Function]}
              onChange={[Function]}
              onFocus={[Function]}
              type="number"
              value=""
            />
          </TextField>
          <Error
            name="decimals"
          >
            <Field
              format={[Function]}
              name="decimals"
              parse={[Function]}
              render={[Function]}
              subscription={
                Object {
                  "error": true,
                  "pristine": true,
                  "touched": true,
                }
              }
            />
          </Error>
        </div>
      </InputField2>
    </Field>
  </TokenDecimals>
</ReactFinalForm>
`;
