// Jest Snapshot v1, https://goo.gl/fbAQLP

exports[`TokenName should render TokenName component 1`] = `
<div
  className="sw-InputField "
>
  <div
    className="sw-FormControlTitle"
  >
    <label
      className="sw-FormControlTitle_Label"
    >
      Name
    </label>
    <div
      className="sw-FormControlTitle_Info"
      tabIndex="-1"
    >
      <span
        className="sw-FormControlTitle_Tooltip"
      >
        The name of your token. Will be used by Etherscan and other tokenbrowsers. Be afraid of trademarks.
      </span>
    </div>
  </div>
  <input
    className="sw-TextField"
    id="name"
    name="name"
    onBlur={[Function]}
    onChange={[Function]}
    onFocus={[Function]}
    type="text"
    value=""
  />
</div>
`;

exports[`TokenName should render TokenName component and its children 1`] = `
<div
  className="sw-InputField "
>
  <div
    className="sw-FormControlTitle"
  >
    <label
      className="sw-FormControlTitle_Label"
    >
      Name
    </label>
    <div
      className="sw-FormControlTitle_Info"
      tabIndex="-1"
    >
      <span
        className="sw-FormControlTitle_Tooltip"
      >
        The name of your token. Will be used by Etherscan and other tokenbrowsers. Be afraid of trademarks.
      </span>
    </div>
  </div>
  <input
    className="sw-TextField"
    id="name"
    name="name"
    onBlur={[Function]}
    onChange={[Function]}
    onFocus={[Function]}
    type="text"
    value=""
  />
</div>
`;
